// Jest Snapshot v1, https://goo.gl/fbAQLP

exports[`Test on <TodoAdd /> should render properly 1`] = `
<div>
  <h4>
    Add todo
  </h4>
  <hr />
  <form>
    <input
      autocomplete="off"
      class="form-control"
      name="description"
      placeholder="To do..."
      type="text"
      value=""
    />
    <div
      class="d-grid mt-2"
    >
      <button
        class="btn btn-outline-dark btn-sm"
        disabled=""
        type="submit"
      >
        Add
      </button>
    </div>
  </form>
</div>
`;
