// Jest Snapshot v1, https://goo.gl/fbAQLP

exports[`Test on <MultipleCustomHooks /> should render properly 1`] = `
<div>
  <h1>
    Breaking Bad quotes
  </h1>
  <hr />
  <div
    class="alert alert-info text-center"
  >
    Loading...
  </div>
  <button
    class="btn btn-outline-dark"
  >
    Next quote
  </button>
</div>
`;
