// Jest Snapshot v1, https://goo.gl/fbAQLP

exports[`Test for <HooksApp /> should render the component properly 1`] = `
<div>
  <h1>
    Hello world
  </h1>
</div>
`;
