// Jest Snapshot v1, https://goo.gl/fbAQLP

exports[`Test on <HomeScreen /> should render properly 1`] = `
<div>
  <h1>
    HomeScreen
  </h1>
  <hr />
  <pre>
    {
   "name": "Magora",
   "email": "test@test.com"
}
  </pre>
</div>
`;
